

 <DUALSPHYSICS5> Copyright (c) 2025 by
 Dr Jose M. Dominguez Alonso, Prof. Alejandro Crespo,
 Dr Georgios Fourtakas, Prof. Benedict Rogers,
 Dr Renato Vacondio, Dr Corrado Altomare,
 Dr Angelo Tafuni, Dr Orlando Garcia Feal,
 Dr Ivan Martinez Estevez, Dr Joseph O'Connor,
 Dr Aaron English, Dr Francesco Ricci,
 Prof. Moncho Gomez Gesteira, Prof. Peter Stansby

 EPHYSLAB Environmental Physics Laboratory, Universidade de Vigo
 School of Mechanical, Aerospace and Civil Engineering, University of Manchester

 DualSPHysics is free software: you can redistribute it and/or
 modify it under the terms of the GNU Lesser General Public License
 as published by the Free Software Foundation, either version 2.1 of
 the License, or (at your option) any later version.

 DualSPHysics is distributed in the hope that it will be useful,
 but WITHOUT ANY WARRANTY; without even the implied warranty of
 MERCHANTABILITY or FITNESS FOR A PARTICULAR PURPOSE.  See the
 GNU Lesser General Public License for more details.

 You should have received a copy of the GNU Lesser General Public License
 along with DualSPHysics. If not, see <http://www.gnu.org/licenses/>.

 Free download source files and documentation from DualSPHysics website (http://dual.sphysics.org).
 Full list of developers and contributors is available at https://dual.sphysics.org/developers
 Properly cite the use of DualSPHysics (Dominguez et al., 2022) (https://dual.sphysics.org/references).


DualSPHysics5 v5.4.355 (08-04-2025)
====================================
Threads by host for parallel execution: 16
[Initialising JSphCpuSingle  25-09-2026 21:31:16]
ProgramFile=".../bin/windows/DualSPHysics5.4CPU_win64.exe"
Available features: Project Chrono coupling, MoorDynPlus coupling, Wave generation, FlexStruc, mDBC no-slip, OpenMP execution.
ExecutionDir=".../data/sph/BHV_BASE_NEARFIELD"
XmlFile=".../BHV_BASE_NEARFIELD/dp20_out/CaseBhavani.xml"
OutputDir=".../sph/BHV_BASE_NEARFIELD/dp20_out"
OutputDataDir=".../BHV_BASE_NEARFIELD/dp20_out/data"
XML-App: GenCase v5.4.354.01 (07-04-2025)

*** WARNING: The XML option 'PartsOutMax' is deprecated. Use 'MinFluidStop' option.

**Basic case configuration is loaded
**Special case configuration is loaded
Loading initial state of particles...
Loaded particles: 3,829
MapRealPos(border)=(-404.17,-0.169706,237.83)-(1500.17,0.169706,286.17)
MapRealPos(final)=(-404.17,-0.169706,237.83)-(1530.17,0.169706,293.421)
**Initial state of particles is loaded
**2D-Simulation parameters:
CaseName="CaseBhavani"
RunName="CaseBhavani"
Simulate2DPosY=0
SavePosDouble=False
SvExtraParts=""
SaveFtAce=False
SvTimers=True
Boundary="DBC"
StepAlgorithm="Verlet"
  VerletSteps=40
Kernel="Wendland"
  Wendland.awen=0.04835069
  Wendland.bwenh=-0.02098705
Viscosity="Artificial"
  Visco=0.02
  ViscoBoundFactor=1
DensityDiffusion="Fourtakas et al 2019 (inner)"
  DensityDiffusionValue=0.1
Shifting="None"
RigidAlgorithm="None"
FloatingCount=0
CaseNp=3,829
CaseNbound=2,029
CaseNfixed=2,029
CaseNmoving=0
CaseNfloat=0
CaseNfluid=1,800
PeriodicActive="None"
Dp=2
KernelH=3.394113  (CoefficientH=1.2; H/Dp=1.69706)
KernelSize=6.788225
CteB=8493992
Gamma=7
RhopZero=1000
Cs0=243.8399967191601
CFLnumber=0.2
DtIni=0.01391942516667693
DtMin=0.0006959712687046265
DtAllParticles=False
MassFluid=4000
MassBound=4000
TimeMax=300
TimePart=1
Gravity=(0,0,-9.81)
RhopOut=True
RhopOutMin=700
RhopOutMax=1300
WrnPartsOut=True
MinFluidStop=0
NpfMinimum=0
CellMode="Full"
ScellDiv=1
MapCells=(285,1,9)  (2,565 cells)
CellDomFixed=False
DomCells=(285,1,9)  (2,565 cells)
DomCellCode="1+15_7_9"
**CellDiv: Requested cpu memory for 4,148 particles (over-allocation: 1.08X): 0.1 MiB (1 times).
**CellDiv: Requested CPU memory for 2,565 cells (over-allocation: 7.01X): 0.0 MiB (1 times).
 
RunMode="Pos-Double - OpenMP(Threads:16)"
 
Particle summary:
  Fixed....: 2,029  id:(0-2028)   MKs:2 (10-11)
  Moving...: 0
  Floating.: 0
  Fluid....: 1,800  id:(2029-3828)   MKs:1 (1)

Total particles: 3,829 (bound=2029 (fx=2029 mv=0 ft=0) fluid=1800)
Total MK blocks: 3 (bound=2 (fx=2 mv=0 ft=0) fluid=1)
 
Initialization configuration:
Initialize_0
  Operation: FluidVel
  MkFluid..: 0 (1800 particles)
  Constant velocity: 4.877
 
GaugeSystem configuration:
Guage_0: 'G_100m'
  Type.......: SWL
  Compute....: 0 - 300   dt:1
  Output.....: 0 - 300   dt:1
  SaveVtkPart: True
  DomainCells: (73,0,0)-(75,1,8)   mode:fixed
  MassLimit..: 1600
  GaugePoints: (100,0,235)-(100,0,290)
  PointDp....: 1
Guage_1: 'G_250m'
  Type.......: SWL
  Compute....: 0 - 300   dt:1
  Output.....: 0 - 300   dt:1
  SaveVtkPart: True
  DomainCells: (95,0,0)-(97,1,8)   mode:fixed
  MassLimit..: 1600
  GaugePoints: (250,0,235)-(250,0,290)
  PointDp....: 1
Guage_2: 'G_500m'
  Type.......: SWL
  Compute....: 0 - 300   dt:1
  Output.....: 0 - 300   dt:1
  SaveVtkPart: True
  DomainCells: (132,0,0)-(134,1,8)   mode:fixed
  MassLimit..: 1600
  GaugePoints: (500,0,235)-(500,0,290)
  PointDp....: 1
Guage_3: 'G_1000m'
  Type.......: SWL
  Compute....: 0 - 300   dt:1
  Output.....: 0 - 300   dt:1
  SaveVtkPart: True
  DomainCells: (205,0,0)-(207,1,8)   mode:fixed
  MassLimit..: 1600
  GaugePoints: (1000,0,235)-(1000,0,290)
  PointDp....: 1
Guage_4: 'G_1500m'
  Type.......: SWL
  Compute....: 0 - 300   dt:1
  Output.....: 0 - 300   dt:1
  SaveVtkPart: True
  DomainCells: (279,0,0)-(281,1,8)   mode:fixed
  MassLimit..: 1600
  GaugePoints: (1500,0,235)-(1500,0,290)
  PointDp....: 1
 

Initial allocated memory in CPU: 497,654 (0.47 MiB)  (6 particle arrays)
Part_0000        3,829 (100.0%) particles successfully stored

[WARNINGS]
1. The XML option 'PartsOutMax' is deprecated. Use 'MinFluidStop' option.

[Initialising simulation (47qc2jc5)  25-09-2026 21:31:16]
PART   PartTime   TotalSteps   Steps    Particles    Cells        Time/Sec   Finish time        
=====  =========  ===========  =======  ===========  ===========  =========  ===================
**Updated allocated memory in CPU: 592,622 (0.57 MiB)  (10 particle arrays)
00001   1.002004          377      377        3,829          378       0.22  25-09-2026 21:32:22
**Updated allocated memory in CPU: 687,590 (0.66 MiB)  (11 particle arrays)
00002   2.001778          771      394        3,829          390       0.23  25-09-2026 21:32:24
00003   3.001086        1,165      394        3,829          408       0.23  25-09-2026 21:32:25
00004   4.000709        1,552      387        3,829          420       0.23  25-09-2026 21:32:26
00005   5.001846        1,935      383        3,829          438       0.25  25-09-2026 21:32:27
00006   6.002406        2,324      389        3,829          456       0.23  25-09-2026 21:32:28
00007   7.000022        2,717      393        3,829          468       0.24  25-09-2026 21:32:28
00008   8.000488        3,117      400        3,829          486       0.22  25-09-2026 21:32:27
00009   9.000805        3,509      392        3,829          498       0.22  25-09-2026 21:32:26
00010   10.00022        3,891      382        3,829          516       0.23  25-09-2026 21:32:27
00011   11.00218        4,282      391        3,829          528       0.22  25-09-2026 21:32:27
00012   12.00066        4,670      388        3,829          546       0.24  25-09-2026 21:32:27
00013   13.00187        5,073      403        3,829          651       0.24  25-09-2026 21:32:27
00014   14.00162        5,505      432        3,829          672       0.27  25-09-2026 21:32:28
00015   15.00101        5,957      452        3,829          588       0.26  25-09-2026 21:32:29
00016   16.00069        6,402      445        3,829          606       0.29  25-09-2026 21:32:29
00017   17.00124        6,845      443        3,829          612       0.27  25-09-2026 21:32:31
00018   18.00203        7,271      426        3,829          624       0.24  25-09-2026 21:32:30
00019   19.00101        7,705      434        3,829          742       0.25  25-09-2026 21:32:30
00020   20.00022        8,159      454        3,829          756       0.25  25-09-2026 21:32:30
00021   21.00011        8,617      458        3,829          770       0.26  25-09-2026 21:32:31
00022   22.00077        9,057      440        3,829          791       0.27  25-09-2026 21:32:31
00023   23.00141        9,493      436        3,829          805       0.26  25-09-2026 21:32:31
00024   24.00168        9,930      437        3,829          812       0.25  25-09-2026 21:32:31
00025   25.00142       10,370      440        3,829          819       0.26  25-09-2026 21:32:32
00026   26.00216       10,805      435        3,829          833       0.26  25-09-2026 21:32:32
00027   27.00043       11,239      434        3,829          847       0.24  25-09-2026 21:32:31
00028   28.00100       11,684      445        3,829          861       0.26  25-09-2026 21:32:31
00029   29.00210       12,111      427        3,829          868       0.24  25-09-2026 21:32:32
00030   30.00113       12,543      432        3,829          882       0.26  25-09-2026 21:32:32
00031   31.00170       12,960      417        3,829          889       0.27  25-09-2026 21:32:32
00032   32.00103       13,377      417        3,829          896       0.24  25-09-2026 21:32:31
00033   33.00093       13,788      411        3,829          903       0.22  25-09-2026 21:32:32
00034   34.00095       14,197      409        3,829          910       0.23  25-09-2026 21:32:31
00035   35.00193       14,620      423        3,829          917       0.23  25-09-2026 21:32:31
00036   36.00133       15,026      406        3,829          924       0.24  25-09-2026 21:32:31
00037   37.00029       15,425      399        3,829          931       0.21  25-09-2026 21:32:31
00038   38.00204       15,829      404        3,829          938       0.23  25-09-2026 21:32:31
00039   39.00017       16,229      400        3,829          952       0.21  25-09-2026 21:32:30
00040   40.00126       16,634      405        3,829          959       0.24  25-09-2026 21:32:30
00041   41.00057       17,035      401        3,829          966       0.23  25-09-2026 21:32:30
00042   42.00138       17,435      400        3,829          973       0.25  25-09-2026 21:32:31
00043   43.00219       17,836      401        3,829          987       0.28  25-09-2026 21:32:31
00044   44.00155       18,236      400        3,829          994       0.27  25-09-2026 21:32:31
00045   45.00249       18,635      399        3,829        1,001       0.27  25-09-2026 21:32:31
00046   46.00182       19,037      402        3,829        1,008       0.25  25-09-2026 21:32:31
00047   47.00018       19,447      410        3,829        1,015       0.27  25-09-2026 21:32:31
00048   48.00197       19,855      408        3,829        1,029       0.25  25-09-2026 21:32:31
00049   49.00245       20,250      395        3,829        1,036       0.30  25-09-2026 21:32:32
00050   50.00051       20,652      402        3,829        1,043       0.55  25-09-2026 21:32:33
00051   51.00065       21,052      400        3,829        1,050       0.31  25-09-2026 21:32:34
00052   52.00080       21,448      396        3,829        1,057       0.33  25-09-2026 21:32:34
00053   53.00057       21,840      392        3,829        1,064       0.25  25-09-2026 21:32:34
00054   54.00137       22,239      399        3,829        1,071       0.22  25-09-2026 21:32:34
00055   55.00065       22,645      406        3,829          924       0.24  25-09-2026 21:32:34
00056   56.00222       23,043      398        3,829          930       0.22  25-09-2026 21:32:34
00057   57.00167       23,439      396        3,829          936       0.22  25-09-2026 21:32:33
00058   58.00190       23,838      399        3,829          948       0.21  25-09-2026 21:32:33
00059   59.00016       24,230      392        3,829          954       0.22  25-09-2026 21:32:34
00060   60.00011       24,628      398        3,829          960       0.21  25-09-2026 21:32:33
00061   61.00069       25,027      399        3,829          966       0.22  25-09-2026 21:32:33
00062   62.00056       25,425      398        3,829          972       0.22  25-09-2026 21:32:32
00063   63.00100       25,820      395        3,829          978       0.21  25-09-2026 21:32:32
00064   64.00056       26,215      395        3,829          990       0.22  25-09-2026 21:32:33
00065   65.00009       26,613      398        3,829          990       0.21  25-09-2026 21:32:32
00066   66.00068       27,016      403        3,829          996       0.23  25-09-2026 21:32:32
00067   67.00138       27,413      397        3,829        1,002       0.22  25-09-2026 21:32:32
00068   68.00101       27,807      394        3,829        1,008       0.21  25-09-2026 21:32:32
00069   69.00011       28,204      397        3,829        1,014       0.21  25-09-2026 21:32:32
00070   70.00045       28,605      401        3,829        1,020       0.24  25-09-2026 21:32:32
00071   71.00220       29,002      397        3,829        1,020       0.23  25-09-2026 21:32:31
00072   72.00228       29,396      394        3,829        1,026       0.21  25-09-2026 21:32:31
00073   73.00140       29,790      394        3,829        1,026       0.21  25-09-2026 21:32:32
00074   74.00034       30,183      393        3,829        1,026       0.21  25-09-2026 21:32:31
00075   75.00217       30,578      395        3,829        1,032       0.22  25-09-2026 21:32:31
00076   76.00102       30,973      395        3,829        1,032       0.24  25-09-2026 21:32:31
00077   77.00007       31,369      396        3,829        1,038       0.22  25-09-2026 21:32:31
00078   78.00021       31,761      392        3,829        1,038       0.22  25-09-2026 21:32:31
00079   79.00093       32,154      393        3,829        1,038       0.21  25-09-2026 21:32:31
00080   80.00132       32,547      393        3,829        1,044       0.22  25-09-2026 21:32:30
00081   81.00194       32,942      395        3,829        1,044       0.22  25-09-2026 21:32:30
00082   82.00019       33,334      392        3,829        1,050       0.22  25-09-2026 21:32:31
00083   83.00072       33,731      397        3,829        1,050       0.22  25-09-2026 21:32:30
00084   84.00009       34,121      390        3,829        1,050       0.23  25-09-2026 21:32:30
00085   85.00223       34,511      390        3,829        1,056       0.23  25-09-2026 21:32:30
00086   86.00256       34,904      393        3,829        1,056       0.23  25-09-2026 21:32:30
00087   87.00095       35,289      385        3,829        1,062       0.23  25-09-2026 21:32:30
00088   88.00218       35,678      389        3,829        1,068       0.26  25-09-2026 21:32:30
00089   89.00180       36,067      389        3,829        1,074       0.25  25-09-2026 21:32:30
00090   90.00136       36,458      391        3,829        1,080       0.22  25-09-2026 21:32:30
00091   91.00048       36,853      395        3,829        1,080       0.22  25-09-2026 21:32:30
00092   92.00201       37,247      394        3,829        1,086       0.21  25-09-2026 21:32:30
00093   93.00083       37,634      387        3,829        1,092       0.21  25-09-2026 21:32:30
00094   94.00008       38,019      385        3,829        1,092       0.23  25-09-2026 21:32:29
00095   95.00086       38,407      388        3,829        1,092       0.21  25-09-2026 21:32:30
00096   96.00130       38,796      389        3,829        1,092       0.22  25-09-2026 21:32:30
00097   97.00184       39,184      388        3,829        1,086       0.23  25-09-2026 21:32:29
00098   98.00194       39,570      386        3,829        1,086       0.23  25-09-2026 21:32:29
00099   99.00106       39,958      388        3,829        1,080       0.22  25-09-2026 21:32:30
00100   100.0008       40,348      390        3,829        1,086       0.24  25-09-2026 21:32:30
00101   101.0018       40,741      393        3,829        1,086       0.24  25-09-2026 21:32:29
00102   102.0010       41,135      394        3,829        1,086       0.22  25-09-2026 21:32:29
00103   103.0005       41,524      389        3,829        1,092       0.22  25-09-2026 21:32:30
00104   104.0002       41,915      391        3,829        1,092       0.21  25-09-2026 21:32:29
00105   105.0003       42,303      388        3,829        1,092       0.22  25-09-2026 21:32:29
00106   106.0010       42,695      392        3,829        1,092       0.21  25-09-2026 21:32:29
00107   107.0019       43,088      393        3,829        1,092       0.22  25-09-2026 21:32:29
00108   108.0007       43,470      382        3,829        1,092       0.24  25-09-2026 21:32:29
00109   109.0015       43,856      386        3,829        1,092       0.23  25-09-2026 21:32:29
00110   110.0011       44,244      388        3,829        1,092       0.21  25-09-2026 21:32:29
00111   111.0020       44,626      382        3,829        1,086       0.20  25-09-2026 21:32:29
00112   112.0022       45,004      378        3,829        1,086       0.20  25-09-2026 21:32:29
00113   113.0009       45,383      379        3,829        1,086       0.20  25-09-2026 21:32:29
00114   114.0008       45,770      387        3,829        1,086       0.21  25-09-2026 21:32:29
00115   115.0018       46,155      385        3,829        1,086       0.24  25-09-2026 21:32:28
00116   116.0007       46,540      385        3,829        1,086       0.24  25-09-2026 21:32:28
00117   117.0020       46,927      387        3,829        1,086       0.29  25-09-2026 21:32:29
00118   118.0004       47,324      397        3,829        1,092       0.28  25-09-2026 21:32:29
00119   119.0002       47,707      383        3,829        1,092       0.28  25-09-2026 21:32:29
00120   120.0004       48,101      394        3,829        1,092       0.24  25-09-2026 21:32:29
00121   121.0008       48,495      394        3,829        1,098       0.27  25-09-2026 21:32:29
00122   122.0011       48,879      384        3,829        1,098       0.26  25-09-2026 21:32:29
00123   123.0002       49,265      386        3,829        1,098       0.28  25-09-2026 21:32:29
00124   124.0025       49,647      382        3,829        1,098       0.35  25-09-2026 21:32:30
00125   125.0005       50,036      389        3,829        1,104       0.26  25-09-2026 21:32:29
00126   126.0016       50,425      389        3,829        1,104       0.27  25-09-2026 21:32:29
00127   127.0009       50,819      394        3,829        1,104       0.24  25-09-2026 21:32:30
00128   128.0002       51,201      382        3,829        1,110       0.25  25-09-2026 21:32:30
00129   129.0011       51,592      391        3,829        1,110       0.26  25-09-2026 21:32:30
00130   130.0004       51,973      381        3,829        1,110       0.25  25-09-2026 21:32:29
00131   131.0018       52,361      388        3,829        1,110       0.25  25-09-2026 21:32:30
00132   132.0005       52,750      389        3,829        1,110       0.25  25-09-2026 21:32:30
00133   133.0017       53,130      380        3,829        1,110       0.27  25-09-2026 21:32:30
00134   134.0010       53,512      382        3,829        1,110       0.24  25-09-2026 21:32:29
00135   135.0016       53,894      382        3,829        1,110       0.27  25-09-2026 21:32:30
00136   136.0003       54,277      383        3,829        1,110       0.24  25-09-2026 21:32:30
00137   137.0015       54,656      379        3,829        1,110       0.24  25-09-2026 21:32:30
00138   138.0019       55,040      384        3,829        1,110       0.26  25-09-2026 21:32:30
00139   139.0011       55,424      384        3,829        1,110       0.25  25-09-2026 21:32:30
00140   140.0026       55,806      382        3,829        1,110       0.25  25-09-2026 21:32:30
00141   141.0005       56,184      378        3,829        1,110       0.26  25-09-2026 21:32:30
00142   142.0015       56,569      385        3,829        1,110       0.29  25-09-2026 21:32:30
00143   143.0020       56,958      389        3,829        1,110       0.31  25-09-2026 21:32:30
00144   144.0024       57,343      385        3,829        1,110       0.26  25-09-2026 21:32:30
00145   145.0020       57,725      382        3,829        1,110       0.28  25-09-2026 21:32:30
00146   146.0024       58,109      384        3,829        1,110       0.27  25-09-2026 21:32:31
00147   147.0023       58,486      377        3,829        1,116       0.28  25-09-2026 21:32:31
00148   148.0005       58,861      375        3,829        1,116       0.29  25-09-2026 21:32:30
00149   149.0004       59,248      387        3,829        1,116       0.25  25-09-2026 21:32:30
00150   150.0020       59,626      378        3,829        1,116       0.22  25-09-2026 21:32:31
00151   151.0020       60,001      375        3,829        1,116       0.24  25-09-2026 21:32:31
00152   152.0011       60,388      387        3,829        1,122       0.28  25-09-2026 21:32:30
00153   153.0020       60,768      380        3,829        1,122       0.25  25-09-2026 21:32:30
00154   154.0013       61,146      378        3,829        1,122       0.23  25-09-2026 21:32:31
00155   155.0007       61,521      375        3,829        1,122       0.23  25-09-2026 21:32:31
00156   156.0006       61,910      389        3,829        1,128       0.22  25-09-2026 21:32:30
00157   157.0001       62,295      385        3,829        1,128       0.24  25-09-2026 21:32:30
00158   158.0013       62,686      391        3,829        1,128       0.26  25-09-2026 21:32:31
00159   159.0021       63,072      386        3,829        1,134       0.25  25-09-2026 21:32:31
00160   160.0020       63,459      387        3,829        1,134       0.22  25-09-2026 21:32:30
00161   161.0007       63,842      383        3,829        1,134       0.25  25-09-2026 21:32:30
00162   162.0026       64,221      379        3,829        1,140       0.25  25-09-2026 21:32:31
00163   163.0013       64,597      376        3,829        1,140       0.23  25-09-2026 21:32:31
00164   164.0015       64,976      379        3,829        1,140       0.25  25-09-2026 21:32:30
00165   165.0013       65,353      377        3,829        1,146       0.23  25-09-2026 21:32:30
00166   166.0002       65,730      377        3,829        1,146       0.24  25-09-2026 21:32:31
00167   167.0011       66,118      388        3,829        1,146       0.25  25-09-2026 21:32:31
00168   168.0010       66,505      387        3,829        1,152       0.25  25-09-2026 21:32:30
00169   169.0017       66,889      384        3,829        1,152       0.24  25-09-2026 21:32:30
00170   170.0016       67,278      389        3,829        1,152       0.24  25-09-2026 21:32:31
00171   171.0026       67,658      380        3,829        1,158       0.24  25-09-2026 21:32:31
00172   172.0027       68,034      376        3,829        1,158       0.24  25-09-2026 21:32:30
00173   173.0019       68,409      375        3,829        1,158       0.23  25-09-2026 21:32:30
00174   174.0026       68,784      375        3,829        1,158       0.24  25-09-2026 21:32:31
00175   175.0008       69,171      387        3,829        1,164       0.27  25-09-2026 21:32:31
00176   176.0009       69,549      378        3,829        1,164       0.21  25-09-2026 21:32:30
00177   177.0017       69,943      394        3,829        1,164       0.26  25-09-2026 21:32:30
00178   178.0024       70,326      383        3,829        1,170       0.29  25-09-2026 21:32:31
00179   179.0010       70,699      373        3,829        1,170       0.28  25-09-2026 21:32:31
00180   180.0010       71,081      382        3,829        1,170       0.23  25-09-2026 21:32:30
00181   181.0021       71,458      377        3,829        1,176       0.25  25-09-2026 21:32:30
00182   182.0007       71,836      378        3,829        1,176       0.27  25-09-2026 21:32:31
00183   183.0019       72,217      381        3,829        1,176       0.27  25-09-2026 21:32:31
00184   184.0018       72,594      377        3,829        1,182       0.27  25-09-2026 21:32:30
00185   185.0005       72,980      386        3,829        1,182       0.32  25-09-2026 21:32:31
00186   186.0001       73,367      387        3,829        1,188       0.32  25-09-2026 21:32:31
00187   187.0015       73,747      380        3,829        1,188       0.30  25-09-2026 21:32:31
00188   188.0026       74,133      386        3,829        1,188       0.27  25-09-2026 21:32:31
00189   189.0007       74,507      374        3,829        1,194       0.26  25-09-2026 21:32:31
00190   190.0018       74,882      375        3,829        1,194       0.27  25-09-2026 21:32:31
00191   191.0010       75,254      372        3,829        1,200       0.25  25-09-2026 21:32:31
00192   192.0002       75,635      381        3,829        1,200       0.27  25-09-2026 21:32:32
00193   193.0003       76,019      384        3,829        1,206       0.27  25-09-2026 21:32:31
00194   194.0021       76,406      387        3,829        1,212       0.24  25-09-2026 21:32:31
00195   195.0011       76,789      383        3,829        1,218       0.25  25-09-2026 21:32:31
00196   196.0009       77,169      380        3,829        1,224       0.23  25-09-2026 21:32:32
00197   197.0019       77,544      375        3,829        1,230       0.25  25-09-2026 21:32:31
00198   198.0016       77,924      380        3,829        1,236       0.23  25-09-2026 21:32:31
00199   199.0015       78,302      378        3,829        1,242       0.31  25-09-2026 21:32:31
00200   200.0025       78,681      379        3,829        1,254       0.26  25-09-2026 21:32:32
00201   201.0010       79,057      376        3,829        1,260       0.24  25-09-2026 21:32:31
00202   202.0003       79,439      382        3,829        1,266       0.24  25-09-2026 21:32:31
00203   203.0018       79,823      384        3,829        1,272       0.27  25-09-2026 21:32:31
00204   204.0016       80,202      379        3,829        1,278       0.27  25-09-2026 21:32:32
00205   205.0006       80,594      392        3,829        1,284       0.25  25-09-2026 21:32:31
00206   206.0001       80,978      384        3,829        1,290       0.24  25-09-2026 21:32:31
00207   207.0016       81,360      382        3,829        1,296       0.28  25-09-2026 21:32:32
00208   208.0005       81,734      374        3,829        1,302       0.24  25-09-2026 21:32:32
00209   209.0006       82,108      374        3,829        1,308       0.25  25-09-2026 21:32:31
00210   210.0018       82,488      380        3,829        1,314       0.25  25-09-2026 21:32:31
00211   211.0024       82,867      379        3,829        1,326       0.24  25-09-2026 21:32:32
00212   212.0009       83,246      379        3,829        1,332       0.23  25-09-2026 21:32:32
00213   213.0024       83,631      385        3,829        1,338       0.23  25-09-2026 21:32:31
00214   214.0008       84,013      382        3,829        1,344       0.22  25-09-2026 21:32:31
00215   215.0004       84,388      375        3,829        1,350       0.25  25-09-2026 21:32:31
00216   216.0008       84,764      376        3,829        1,356       0.23  25-09-2026 21:32:32
00217   217.0026       85,138      374        3,829        1,362       0.23  25-09-2026 21:32:31
00218   218.0002       85,510      372        3,829        1,368       0.21  25-09-2026 21:32:31
00219   219.0016       85,887      377        3,829        1,374       0.25  25-09-2026 21:32:31
00220   220.0007       86,275      388        3,829        1,380       0.25  25-09-2026 21:32:32
00221   221.0016       86,659      384        3,829        1,386       0.25  25-09-2026 21:32:31
00222   222.0005       87,039      380        3,829        1,392       0.23  25-09-2026 21:32:31
00223   223.0012       87,419      380        3,829        1,398       0.24  25-09-2026 21:32:31
00224   224.0001       87,798      379        3,829        1,404       0.26  25-09-2026 21:32:32
00225   225.0013       88,180      382        3,829        1,410       0.25  25-09-2026 21:32:31
00226   226.0023       88,564      384        3,829        1,416       0.23  25-09-2026 21:32:31
00227   227.0024       88,943      379        3,829        1,422       0.24  25-09-2026 21:32:31
00228   228.0001       89,326      383        3,829        1,428       0.26  25-09-2026 21:32:32
00229   229.0018       89,706      380        3,829        1,434       0.26  25-09-2026 21:32:31
00230   230.0014       90,086      380        3,829        1,446       0.33  25-09-2026 21:32:31
00231   231.0022       90,465      379        3,829        1,452       0.23  25-09-2026 21:32:32
00232   232.0011       90,840      375        3,829        1,458       0.28  25-09-2026 21:32:32
00233   233.0019       91,214      374        3,829        1,464       0.24  25-09-2026 21:32:31
00234   234.0016       91,595      381        3,829        1,470       0.22  25-09-2026 21:32:31
00235   235.0013       91,974      379        3,829        1,476       0.23  25-09-2026 21:32:32
00236   236.0008       92,358      384        3,829        1,482       0.23  25-09-2026 21:32:32
00237   237.0020       92,738      380        3,829        1,488       0.28  25-09-2026 21:32:31
00238   238.0026       93,114      376        3,829        1,494       0.22  25-09-2026 21:32:31
00239   239.0011       93,494      380        3,829        1,500       0.23  25-09-2026 21:32:31
00240   240.0008       93,880      386        3,829        1,506       0.21  25-09-2026 21:32:32
00241   241.0024       94,269      389        3,829        1,512       0.22  25-09-2026 21:32:31
00242   242.0025       94,651      382        3,829        1,518       0.26  25-09-2026 21:32:31
00243   243.0009       95,035      384        3,829        1,524       0.23  25-09-2026 21:32:31
00244   244.0003       95,422      387        3,829        1,530       0.25  25-09-2026 21:32:32
00245   245.0017       95,807      385        3,829        1,536       0.23  25-09-2026 21:32:31
00246   246.0013       96,194      387        3,829        1,542       0.27  25-09-2026 21:32:31
00247   247.0014       96,579      385        3,829        1,548       0.26  25-09-2026 21:32:31
00248   248.0023       96,963      384        3,829        1,554       0.22  25-09-2026 21:32:32
00249   249.0006       97,349      386        3,829        1,560       0.24  25-09-2026 21:32:31
00250   250.0015       97,727      378        3,829        1,566       0.24  25-09-2026 21:32:31
00251   251.0019       98,104      377        3,829        1,572       0.24  25-09-2026 21:32:31
00252   252.0023       98,478      374        3,829        1,572       0.26  25-09-2026 21:32:32
00253   253.0023       98,857      379        3,829        1,578       0.22  25-09-2026 21:32:31
00254   254.0005       99,240      383        3,829        1,578       0.22  25-09-2026 21:32:31
00255   255.0006       99,621      381        3,829        1,572       0.26  25-09-2026 21:32:31
00256   256.0014       99,994      373        3,829        1,572       0.23  25-09-2026 21:32:32
00257   257.0021      100,368      374        3,829        1,572       0.22  25-09-2026 21:32:31
00258   258.0015      100,743      375        3,829        1,566       0.24  25-09-2026 21:32:31
00259   259.0006      101,117      374        3,829        1,566       0.24  25-09-2026 21:32:31
00260   260.0013      101,491      374        3,829        1,560       0.28  25-09-2026 21:32:32
00261   261.0010      101,861      370        3,829        1,560       0.26  25-09-2026 21:32:31
00262   262.0021      102,250      389        3,829        1,554       0.28  25-09-2026 21:32:31
00263   263.0025      102,630      380        3,829        1,554       0.28  25-09-2026 21:32:32
00264   264.0011      103,008      378        3,829        1,554       0.28  25-09-2026 21:32:32
00265   265.0022      103,393      385        3,829        1,554       0.27  25-09-2026 21:32:31
00266   266.0008      103,773      380        3,829        1,554       0.25  25-09-2026 21:32:31
00267   267.0023      104,152      379        3,829        1,554       0.24  25-09-2026 21:32:32
00268   268.0011      104,538      386        3,829        1,554       0.69  25-09-2026 21:32:32
00269   269.0007      104,914      376        3,829        1,554       0.16  25-09-2026 21:32:32
00270   270.0025      105,293      379        3,829        1,554       0.20  25-09-2026 21:32:32
00271   271.0007      105,674      381        3,829        1,554       0.23  25-09-2026 21:32:32
00272   272.0023      106,063      389        3,829        1,554       0.25  25-09-2026 21:32:32
00273   273.0007      106,444      381        3,829        1,554       0.28  25-09-2026 21:32:32
00274   274.0005      106,827      383        3,829        1,554       0.25  25-09-2026 21:32:32
00275   275.0020      107,209      382        3,829        1,554       0.24  25-09-2026 21:32:32
00276   276.0016      107,593      384        3,829        1,560       0.23  25-09-2026 21:32:32
00277   277.0002      107,982      389        3,829        1,560       0.30  25-09-2026 21:32:32
00278   278.0018      108,368      386        3,829        1,560       0.23  25-09-2026 21:32:32
00279   279.0003      108,749      381        3,829        1,566       0.25  25-09-2026 21:32:32
00280   280.0001      109,130      381        3,829        1,566       0.24  25-09-2026 21:32:32
00281   281.0018      109,518      388        3,829        1,566       0.24  25-09-2026 21:32:32
00282   282.0012      109,900      382        3,829        1,572       0.25  25-09-2026 21:32:32
00283   283.0016      110,289      389        3,829        1,572       0.32  25-09-2026 21:32:32
00284   284.0012      110,671      382        3,829        1,572       0.27  25-09-2026 21:32:33
00285   285.0021      111,048      377        3,829        1,572       0.24  25-09-2026 21:32:32
00286   286.0012      111,429      381        3,829        1,572       0.24  25-09-2026 21:32:32
00287   287.0002      111,803      374        3,829        1,572       0.28  25-09-2026 21:32:32
00288   288.0024      112,175      372        3,829        1,572       0.18  25-09-2026 21:32:33
00289   289.0014      112,554      379        3,829        1,572       0.25  25-09-2026 21:32:32
00290   290.0009      112,938      384        3,829        1,566       0.26  25-09-2026 21:32:32
00291   291.0018      113,324      386        3,829        1,566       0.29  25-09-2026 21:32:33
00292   292.0023      113,704      380        3,829        1,566       0.25  25-09-2026 21:32:33
00293   293.0003      114,077      373        3,829        1,572       0.28  25-09-2026 21:32:32
00294   294.0011      114,449      372        3,829        1,572       0.27  25-09-2026 21:32:32
00295   295.0001      114,831      382        3,829        1,572       0.31  25-09-2026 21:32:33
00296   296.0009      115,209      378        3,829        1,572       0.26  25-09-2026 21:32:33
00297   297.0019      115,592      383        3,829        1,572       0.29  25-09-2026 21:32:32
00298   298.0011      115,966      374        3,829        1,572       0.28  25-09-2026 21:32:33
00299   299.0026      116,343      377        3,829        1,572       0.30  25-09-2026 21:32:33
00300   300.0020      116,721      378        3,829        1,572       0.25  25-09-2026 21:32:33

[Simulation finished  25-09-2026 21:32:33]
Particles of simulation (initial): 3,829
DTs adjusted to DtMin............: 0
Excluded particles...............: 0
Total Runtime....................: 76.906395 sec.
Simulation Runtime...............: 76.887001 sec.
Runtime per physical second......: 0.256288 sec.
Steps per second.................: 1518.084961
Steps of simulation..............: 116,721
PART files.......................: 301
Maximum number of particles......: 3,829
Maximum number of cells..........: 1,578
CPU Memory.......................: 687,590 (0.66 MiB)
 
[CPU Timers]
VA-Init..........................: 0.019378 sec.
NL-Limits........................: 1.128809 sec.
NL-MakeSort......................: 2.488378 sec.
NL-SortData......................: 2.177988 sec.
NL-OutCheck......................: 0 sec.
CF-PreForces.....................: 10.569406 sec.
CF-PreMDBC.......................: 0 sec.
CF-Forces........................: 46.383517 sec.
SU-Shifting......................: 0 sec.
SU-ComputeStep...................: 10.265087 sec.
SU-Floating......................: 0 sec.
SU-Motion........................: 0 sec.
SU-Periodic......................: 0 sec.
SU-ResizeNp......................: 0 sec.
SU-SavePart......................: 3.572192 sec.
SU-Chrono........................: 0 sec.
SU-Moorings......................: 0 sec.
SU-InOut.........................: 0 sec.
SU-Gauges........................: 0.137111 sec.
SU-FlexStruc.....................: 0 sec.
 
[Output files]
- CfgGauge_InitPoints.vtk..............: Saves points used for gauge calculations (by JGaugeSystem).
- CfgInit_Domain.vtk...................: Saves the limits of the case and the simulation domain limits.
- CfgInit_MapCells.vtk.................: Saves the cell division of the simulation domain.
- GaugesSWL_G_1000m.csv................: Saves SWL data measured from fluid particles (by JGaugeSwl).
- GaugesSWL_G_100m.csv.................: Saves SWL data measured from fluid particles (by JGaugeSwl).
- GaugesSWL_G_1500m.csv................: Saves SWL data measured from fluid particles (by JGaugeSwl).
- GaugesSWL_G_250m.csv.................: Saves SWL data measured from fluid particles (by JGaugeSwl).
- GaugesSWL_G_500m.csv.................: Saves SWL data measured from fluid particles (by JGaugeSwl).
- Run.csv..............................: One line CSV file with execution parameters and other simulation data.
- Run.out..............................: Log file of the simulation.
- RunPARTs.csv.........................: Saves extra information of simulated PARTs.
- data/PartInfo.ibi4...................: Binary file with execution information for each instant (input for PartInfo program).
- data/PartOut_???.obi4................: Binary file with particles excluded during simulation (input for PartVtkOut program).
- data/Part_????.bi4...................: Binary file with particle data in different instants.
- data/Part_Head.ibi4..................: Binary file with basic information of simulation data.
- gaugesvtks/GaugesSWL_G_1000m_????.vtk: Saves SWL data measured from fluid particles (by JGaugeSwl).
- gaugesvtks/GaugesSWL_G_100m_????.vtk.: Saves SWL data measured from fluid particles (by JGaugeSwl).
- gaugesvtks/GaugesSWL_G_1500m_????.vtk: Saves SWL data measured from fluid particles (by JGaugeSwl).
- gaugesvtks/GaugesSWL_G_250m_????.vtk.: Saves SWL data measured from fluid particles (by JGaugeSwl).
- gaugesvtks/GaugesSWL_G_500m_????.vtk.: Saves SWL data measured from fluid particles (by JGaugeSwl).
 
[WARNINGS]
1. The XML option 'PartsOutMax' is deprecated. Use 'MinFluidStop' option.
 
[References]
- Official solver reference DualSPHysics v5.0: J.M. Dominguez, G. Fourtakas,
    C. Altomare, R.B. Canelas, A. Tafuni, O. Garcia-Feal, I. Martinez-Estevez,
    A. Mokos, R. Vacondio, A.J.C. Crespo, B.D. Rogers, P.K. Stansby, M. Gomez-Gesteira.
    2022. DualSPHysics: from fluid dynamics to multiphysics problems.
    Computational Particle Mechanics, 9:867-895. doi: https://doi.org/10.1007/s40571-021-00404-2

- Optimised CPU multi-core and GPU implementation (Dominguez et al., 2013  https://doi.org/10.1016/j.cpc.2012.10.015)
- Dynamic boundary conditions (Crespo et al., 2007  https://doi.org/10.3970/cmc.2007.005.173)
- Density diffusion Term: Fourtakas (Fourtakas et al., 2019  https://doi.org/10.1016/j.compfluid.2019.06.009)
- Viscosity: Artificial (Monaghan, 1992  https://doi.org/10.1146/annurev.aa.30.090192.002551)
- Kernel: Quintic Wendland (Wendland, 1995  https://doi.org/10.1007/BF02123482)
- Time integration scheme: Verlet (Verlet, 1967  https://doi.org/10.1103/PhysRev.159.98)

Finished execution (code=0).

