

 <DUALSPHYSICS5> Copyright (c) 2025 by
 Dr Jose M. Dominguez Alonso, Prof. Alejandro Crespo,
 Dr Georgios Fourtakas, Prof. Benedict Rogers,
 Dr Renato Vacondio, Dr Corrado Altomare,
 Dr Angelo Tafuni, Dr Orlando Garcia Feal,
 Dr Ivan Martinez Estevez, Dr Joseph O'Connor,
 Dr Aaron English, Dr Francesco Ricci,
 Prof. Moncho Gomez Gesteira, Prof. Peter Stansby

 EPHYSLAB Environmental Physics Laboratory, Universidade de Vigo
 School of Mechanical, Aerospace and Civil Engineering, University of Manchester

 DualSPHysics is free software: you can redistribute it and/or
 modify it under the terms of the GNU Lesser General Public License
 as published by the Free Software Foundation, either version 2.1 of
 the License, or (at your option) any later version.

 DualSPHysics is distributed in the hope that it will be useful,
 but WITHOUT ANY WARRANTY; without even the implied warranty of
 MERCHANTABILITY or FITNESS FOR A PARTICULAR PURPOSE.  See the
 GNU Lesser General Public License for more details.

 You should have received a copy of the GNU Lesser General Public License
 along with DualSPHysics. If not, see <http://www.gnu.org/licenses/>.

 Free download source files and documentation from DualSPHysics website (http://dual.sphysics.org).
 Full list of developers and contributors is available at https://dual.sphysics.org/developers
 Properly cite the use of DualSPHysics (Dominguez et al., 2022) (https://dual.sphysics.org/references).


DualSPHysics5 v5.4.355 (08-04-2025)
====================================
Threads by host for parallel execution: 16
[Initialising JSphCpuSingle  25-09-2026 21:31:00]
ProgramFile=".../bin/windows/DualSPHysics5.4CPU_win64.exe"
Available features: Project Chrono coupling, MoorDynPlus coupling, Wave generation, FlexStruc, mDBC no-slip, OpenMP execution.
ExecutionDir=".../data/sph/BHV_BASE_NEARFIELD"
XmlFile=".../BHV_BASE_NEARFIELD/dp40_out/CaseBhavani.xml"
OutputDir=".../sph/BHV_BASE_NEARFIELD/dp40_out"
OutputDataDir=".../BHV_BASE_NEARFIELD/dp40_out/data"
XML-App: GenCase v5.4.354.01 (07-04-2025)

*** WARNING: The XML option 'PartsOutMax' is deprecated. Use 'MinFluidStop' option.

**Basic case configuration is loaded
**Special case configuration is loaded
Loading initial state of particles...
Loaded particles: 2,768
MapRealPos(border)=(-404.339,-0.339411,235.661)-(1500.34,0.339411,284.339)
MapRealPos(final)=(-404.339,-0.339411,235.661)-(1530.34,0.339411,291.641)
**Initial state of particles is loaded
**2D-Simulation parameters:
CaseName="CaseBhavani"
RunName="CaseBhavani"
Simulate2DPosY=0
SavePosDouble=False
SvExtraParts=""
SaveFtAce=False
SvTimers=True
Boundary="DBC"
StepAlgorithm="Verlet"
  VerletSteps=40
Kernel="Wendland"
  Wendland.awen=0.01208767
  Wendland.bwenh=-0.001311691
Viscosity="Artificial"
  Visco=0.02
  ViscoBoundFactor=1
DensityDiffusion="Fourtakas et al 2019 (inner)"
  DensityDiffusionValue=0.1
Shifting="None"
RigidAlgorithm="None"
FloatingCount=0
CaseNp=2,768
CaseNbound=2,368
CaseNfixed=2,368
CaseNmoving=0
CaseNfloat=0
CaseNfluid=400
PeriodicActive="None"
Dp=4
KernelH=6.788225  (CoefficientH=1.2; H/Dp=1.69706)
KernelSize=13.57645
CteB=8493992
Gamma=7
RhopZero=1000
Cs0=243.8399967191601
CFLnumber=0.2
DtIni=0.02783885033335386
DtMin=0.001391942537409253
DtAllParticles=False
MassFluid=16000
MassBound=16000
TimeMax=300
TimePart=1
Gravity=(0,0,-9.81)
RhopOut=True
RhopOutMin=700
RhopOutMax=1300
WrnPartsOut=True
MinFluidStop=0
NpfMinimum=0
CellMode="Full"
ScellDiv=1
MapCells=(143,1,5)  (715 cells)
CellDomFixed=False
DomCells=(143,1,5)  (715 cells)
DomCellCode="1+14_8_9"
**CellDiv: Requested cpu memory for 3,034 particles (over-allocation: 1.10X): 0.1 MiB (1 times).
**CellDiv: Requested CPU memory for 715 cells (over-allocation: 7.69X): 0.0 MiB (1 times).
 
RunMode="Pos-Double - OpenMP(Threads:16)"
 
Particle summary:
  Fixed....: 2,368  id:(0-2367)   MKs:2 (10-11)
  Moving...: 0
  Floating.: 0
  Fluid....: 400  id:(2368-2767)   MKs:1 (1)

Total particles: 2,768 (bound=2368 (fx=2368 mv=0 ft=0) fluid=400)
Total MK blocks: 3 (bound=2 (fx=2 mv=0 ft=0) fluid=1)
 
Initialization configuration:
Initialize_0
  Operation: FluidVel
  MkFluid..: 0 (400 particles)
  Constant velocity: 4.877
 
GaugeSystem configuration:
Guage_0: 'G_100m'
  Type.......: SWL
  Compute....: 0 - 300   dt:1
  Output.....: 0 - 300   dt:1
  SaveVtkPart: True
  DomainCells: (36,0,0)-(38,1,5)   mode:fixed
  MassLimit..: 6400
  GaugePoints: (100,0,235)-(100,0,290)
  PointDp....: 2
Guage_1: 'G_250m'
  Type.......: SWL
  Compute....: 0 - 300   dt:1
  Output.....: 0 - 300   dt:1
  SaveVtkPart: True
  DomainCells: (47,0,0)-(49,1,5)   mode:fixed
  MassLimit..: 6400
  GaugePoints: (250,0,235)-(250,0,290)
  PointDp....: 2
Guage_2: 'G_500m'
  Type.......: SWL
  Compute....: 0 - 300   dt:1
  Output.....: 0 - 300   dt:1
  SaveVtkPart: True
  DomainCells: (65,0,0)-(67,1,5)   mode:fixed
  MassLimit..: 6400
  GaugePoints: (500,0,235)-(500,0,290)
  PointDp....: 2
Guage_3: 'G_1000m'
  Type.......: SWL
  Compute....: 0 - 300   dt:1
  Output.....: 0 - 300   dt:1
  SaveVtkPart: True
  DomainCells: (102,0,0)-(104,1,5)   mode:fixed
  MassLimit..: 6400
  GaugePoints: (1000,0,235)-(1000,0,290)
  PointDp....: 2
Guage_4: 'G_1500m'
  Type.......: SWL
  Compute....: 0 - 300   dt:1
  Output.....: 0 - 300   dt:1
  SaveVtkPart: True
  DomainCells: (139,0,0)-(141,1,5)   mode:fixed
  MassLimit..: 6400
  GaugePoints: (1500,0,235)-(1500,0,290)
  PointDp....: 2
 

Initial allocated memory in CPU: 357,924 (0.34 MiB)  (6 particle arrays)
Part_0000        2,768 (100.0%) particles successfully stored

[WARNINGS]
1. The XML option 'PartsOutMax' is deprecated. Use 'MinFluidStop' option.

[Initialising simulation (4y0l0muk)  25-09-2026 21:31:00]
PART   PartTime   TotalSteps   Steps    Particles    Cells        Time/Sec   Finish time        
=====  =========  ===========  =======  ===========  ===========  =========  ===================
**Updated allocated memory in CPU: 427,428 (0.41 MiB)  (10 particle arrays)
00001   1.000043          186      186        2,768           96       0.06  25-09-2026 21:31:16
**Updated allocated memory in CPU: 496,932 (0.47 MiB)  (11 particle arrays)
00002   2.002623          379      193        2,768           99       0.06  25-09-2026 21:31:18
00003   3.001664          575      196        2,768           99       0.06  25-09-2026 21:31:18
00004   4.003260          770      195        2,768          102       0.06  25-09-2026 21:31:18
00005   5.003878          965      195        2,768          105       0.05  25-09-2026 21:31:18
00006   6.001634        1,167      202        2,768          108       0.05  25-09-2026 21:31:18
00007   7.002365        1,364      197        2,768          108       0.04  25-09-2026 21:31:17
00008   8.004668        1,565      201        2,768          111       0.04  25-09-2026 21:31:17
00009   9.003987        1,765      200        2,768          114       0.05  25-09-2026 21:31:17
00010   10.00063        1,963      198        2,768          117       0.05  25-09-2026 21:31:17
00011   11.00464        2,165      202        2,768          120       0.05  25-09-2026 21:31:17
00012   12.00042        2,365      200        2,768          160       0.05  25-09-2026 21:31:17
00013   13.00464        2,567      202        2,768          123       0.05  25-09-2026 21:31:17
00014   14.00023        2,773      206        2,768          123       0.05  25-09-2026 21:31:17
00015   15.00124        2,975      202        2,768          126       0.04  25-09-2026 21:31:16
00016   16.00301        3,178      203        2,768          126       0.04  25-09-2026 21:31:16
00017   17.00050        3,380      202        2,768          129       0.05  25-09-2026 21:31:16
00018   18.00279        3,581      201        2,768          129       0.06  25-09-2026 21:31:16
00019   19.00162        3,778      197        2,768          132       0.04  25-09-2026 21:31:16
00020   20.00341        3,981      203        2,768          135       0.05  25-09-2026 21:31:16
00021   21.00424        4,184      203        2,768          184       0.05  25-09-2026 21:31:16
00022   22.00238        4,386      202        2,768          141       0.05  25-09-2026 21:31:16
00023   23.00329        4,588      202        2,768          141       0.05  25-09-2026 21:31:16
00024   24.00161        4,791      203        2,768          192       0.05  25-09-2026 21:31:16
00025   25.00074        4,994      203        2,768          196       0.05  25-09-2026 21:31:16
00026   26.00432        5,202      208        2,768          200       0.05  25-09-2026 21:31:16
00027   27.00042        5,409      207        2,768          200       0.05  25-09-2026 21:31:16
00028   28.00065        5,610      201        2,768          204       0.04  25-09-2026 21:31:16
00029   29.00452        5,814      204        2,768          208       0.05  25-09-2026 21:31:16
00030   30.00188        6,021      207        2,768          212       0.05  25-09-2026 21:31:16
00031   31.00216        6,225      204        2,768          212       0.05  25-09-2026 21:31:16
00032   32.00283        6,430      205        2,768          216       0.05  25-09-2026 21:31:16
00033   33.00056        6,631      201        2,768          220       0.05  25-09-2026 21:31:16
00034   34.00137        6,831      200        2,768          224       0.05  25-09-2026 21:31:16
00035   35.00177        7,031      200        2,768          228       0.06  25-09-2026 21:31:16
00036   36.00228        7,231      200        2,768          232       0.05  25-09-2026 21:31:16
00037   37.00245        7,434      203        2,768          232       0.05  25-09-2026 21:31:16
00038   38.00029        7,634      200        2,768          232       0.05  25-09-2026 21:31:16
00039   39.00083        7,834      200        2,768          232       0.05  25-09-2026 21:31:16
00040   40.00023        8,035      201        2,768          232       0.04  25-09-2026 21:31:16
00041   41.00236        8,236      201        2,768          232       0.05  25-09-2026 21:31:16
00042   42.00356        8,439      203        2,768          236       0.05  25-09-2026 21:31:16
00043   43.00288        8,641      202        2,768          236       0.05  25-09-2026 21:31:16
00044   44.00036        8,847      206        2,768          240       0.05  25-09-2026 21:31:16
00045   45.00255        9,053      206        2,768          240       0.05  25-09-2026 21:31:16
00046   46.00376        9,257      204        2,768          244       0.05  25-09-2026 21:31:17
00047   47.00132        9,457      200        2,768          248       0.05  25-09-2026 21:31:16
00048   48.00295        9,659      202        2,768          248       0.05  25-09-2026 21:31:16
00049   49.00082        9,860      201        2,768          252       0.04  25-09-2026 21:31:16
00050   50.00139       10,064      204        2,768          252       0.05  25-09-2026 21:31:16
00051   51.00512       10,266      202        2,768          256       0.05  25-09-2026 21:31:16
00052   52.00149       10,465      199        2,768          256       0.05  25-09-2026 21:31:16
00053   53.00491       10,667      202        2,768          260       0.04  25-09-2026 21:31:16
00054   54.00361       10,867      200        2,768          260       0.05  25-09-2026 21:31:16
00055   55.00350       11,064      197        2,768          264       0.04  25-09-2026 21:31:16
00056   56.00135       11,261      197        2,768          264       0.04  25-09-2026 21:31:16
00057   57.00263       11,456      195        2,768          264       0.04  25-09-2026 21:31:16
00058   58.00143       11,655      199        2,768          264       0.05  25-09-2026 21:31:16
00059   59.00033       11,856      201        2,768          264       0.04  25-09-2026 21:31:16
00060   60.00173       12,055      199        2,768          264       0.05  25-09-2026 21:31:16
00061   61.00136       12,254      199        2,768          264       0.05  25-09-2026 21:31:16
00062   62.00434       12,448      194        2,768          264       0.04  25-09-2026 21:31:16
00063   63.00241       12,639      191        2,768          264       0.04  25-09-2026 21:31:15
00064   64.00338       12,831      192        2,768          268       0.06  25-09-2026 21:31:16
00065   65.00388       13,020      189        2,768          268       0.04  25-09-2026 21:31:16
00066   66.00376       13,211      191        2,768          268       0.05  25-09-2026 21:31:16
00067   67.00176       13,402      191        2,768          272       0.05  25-09-2026 21:31:16
00068   68.00208       13,594      192        2,768          272       0.05  25-09-2026 21:31:16
00069   69.00374       13,791      197        2,768          272       0.05  25-09-2026 21:31:16
00070   70.00473       13,991      200        2,768          276       0.05  25-09-2026 21:31:16
00071   71.00237       14,184      193        2,768          276       0.05  25-09-2026 21:31:16
00072   72.00212       14,380      196        2,768          276       0.05  25-09-2026 21:31:16
00073   73.00454       14,578      198        2,768          280       0.05  25-09-2026 21:31:16
00074   74.00264       14,776      198        2,768          280       0.04  25-09-2026 21:31:16
00075   75.00340       14,973      197        2,768          280       0.04  25-09-2026 21:31:16
00076   76.00173       15,162      189        2,768          284       0.04  25-09-2026 21:31:16
00077   77.00122       15,355      193        2,768          284       0.05  25-09-2026 21:31:16
00078   78.00515       15,551      196        2,768          288       0.06  25-09-2026 21:31:16
00079   79.00343       15,741      190        2,768          288       0.04  25-09-2026 21:31:16
00080   80.00067       15,933      192        2,768          292       0.05  25-09-2026 21:31:16
00081   81.00243       16,136      203        2,768          292       0.04  25-09-2026 21:31:15
00082   82.00246       16,332      196        2,768          296       0.04  25-09-2026 21:31:15
00083   83.00108       16,525      193        2,768          296       0.05  25-09-2026 21:31:16
00084   84.00243       16,716      191        2,768          300       0.05  25-09-2026 21:31:16
00085   85.00307       16,907      191        2,768          300       0.05  25-09-2026 21:31:16
00086   86.00229       17,096      189        2,768          300       0.04  25-09-2026 21:31:16
00087   87.00091       17,287      191        2,768          300       0.05  25-09-2026 21:31:16
00088   88.00290       17,481      194        2,768          296       0.05  25-09-2026 21:31:16
00089   89.00381       17,677      196        2,768          296       0.05  25-09-2026 21:31:16
00090   90.00084       17,870      193        2,768          292       0.05  25-09-2026 21:31:16
00091   91.00134       18,063      193        2,768          288       0.06  25-09-2026 21:31:16
00092   92.00133       18,257      194        2,768          288       0.05  25-09-2026 21:31:16
00093   93.00378       18,447      190        2,768          284       0.05  25-09-2026 21:31:16
00094   94.00335       18,653      206        2,768          284       0.05  25-09-2026 21:31:16
00095   95.00107       18,854      201        2,768          284       0.05  25-09-2026 21:31:16
00096   96.00065       19,056      202        2,768          288       0.05  25-09-2026 21:31:16
00097   97.00515       19,256      200        2,768          288       0.05  25-09-2026 21:31:16
00098   98.00347       19,450      194        2,768          288       0.05  25-09-2026 21:31:16
00099   99.00128       19,642      192        2,768          292       0.05  25-09-2026 21:31:15
00100   100.0014       19,833      191        2,768          292       0.05  25-09-2026 21:31:15
00101   101.0010       20,022      189        2,768          296       0.05  25-09-2026 21:31:16
00102   102.0002       20,209      187        2,768          296       0.05  25-09-2026 21:31:16
00103   103.0045       20,397      188        2,768          296       0.05  25-09-2026 21:31:16
00104   104.0003       20,582      185        2,768          300       0.05  25-09-2026 21:31:16
00105   105.0028       20,768      186        2,768          300       0.04  25-09-2026 21:31:16
00106   106.0007       20,954      186        2,768          300       0.05  25-09-2026 21:31:16
00107   107.0021       21,142      188        2,768          300       0.04  25-09-2026 21:31:16
00108   108.0001       21,328      186        2,768          296       0.05  25-09-2026 21:31:16
00109   109.0043       21,519      191        2,768          296       0.05  25-09-2026 21:31:16
00110   110.0011       21,705      186        2,768          296       0.05  25-09-2026 21:31:16
00111   111.0015       21,893      188        2,768          296       0.05  25-09-2026 21:31:16
00112   112.0017       22,079      186        2,768          292       0.05  25-09-2026 21:31:16
00113   113.0036       22,264      185        2,768          292       0.04  25-09-2026 21:31:16
00114   114.0045       22,450      186        2,768          292       0.04  25-09-2026 21:31:16
00115   115.0044       22,634      184        2,768          288       0.05  25-09-2026 21:31:16
00116   116.0047       22,818      184        2,768          288       0.04  25-09-2026 21:31:15
00117   117.0000       23,001      183        2,768          288       0.04  25-09-2026 21:31:15
00118   118.0022       23,186      185        2,768          288       0.05  25-09-2026 21:31:15
00119   119.0041       23,371      185        2,768          288       0.04  25-09-2026 21:31:15
00120   120.0032       23,556      185        2,768          288       0.05  25-09-2026 21:31:16
00121   121.0039       23,742      186        2,768          288       0.05  25-09-2026 21:31:16
00122   122.0026       23,926      184        2,768          288       0.04  25-09-2026 21:31:16
00123   123.0048       24,112      186        2,768          292       0.04  25-09-2026 21:31:16
00124   124.0032       24,297      185        2,768          292       0.05  25-09-2026 21:31:16
00125   125.0025       24,482      185        2,768          292       0.04  25-09-2026 21:31:16
00126   126.0029       24,668      186        2,768          296       0.05  25-09-2026 21:31:16
00127   127.0045       24,855      187        2,768          296       0.04  25-09-2026 21:31:16
00128   128.0042       25,041      186        2,768          296       0.05  25-09-2026 21:31:16
00129   129.0031       25,226      185        2,768          300       0.05  25-09-2026 21:31:16
00130   130.0021       25,413      187        2,768          300       0.06  25-09-2026 21:31:16
00131   131.0043       25,598      185        2,768          300       0.05  25-09-2026 21:31:16
00132   132.0003       25,782      184        2,768          300       0.05  25-09-2026 21:31:16
00133   133.0001       25,968      186        2,768          296       0.05  25-09-2026 21:31:16
00134   134.0040       26,152      184        2,768          296       0.05  25-09-2026 21:31:15
00135   135.0019       26,336      184        2,768          296       0.05  25-09-2026 21:31:15
00136   136.0011       26,519      183        2,768          296       0.05  25-09-2026 21:31:15
00137   137.0045       26,703      184        2,768          292       0.04  25-09-2026 21:31:15
00138   138.0049       26,887      184        2,768          292       0.05  25-09-2026 21:31:15
00139   139.0050       27,071      184        2,768          292       0.05  25-09-2026 21:31:16
00140   140.0025       27,254      183        2,768          292       0.05  25-09-2026 21:31:16
00141   141.0001       27,436      182        2,768          288       0.04  25-09-2026 21:31:16
00142   142.0021       27,619      183        2,768          288       0.04  25-09-2026 21:31:16
00143   143.0031       27,801      182        2,768          288       0.05  25-09-2026 21:31:16
00144   144.0012       27,983      182        2,768          288       0.05  25-09-2026 21:31:16
00145   145.0017       28,165      182        2,768          288       0.04  25-09-2026 21:31:16
00146   146.0003       28,348      183        2,768          288       0.04  25-09-2026 21:31:16
00147   147.0050       28,531      183        2,768          288       0.05  25-09-2026 21:31:16
00148   148.0001       28,713      182        2,768          292       0.05  25-09-2026 21:31:16
00149   149.0046       28,896      183        2,768          292       0.04  25-09-2026 21:31:16
00150   150.0040       29,078      182        2,768          292       0.05  25-09-2026 21:31:16
00151   151.0038       29,260      182        2,768          292       0.05  25-09-2026 21:31:16
00152   152.0010       29,441      181        2,768          296       0.04  25-09-2026 21:31:15
00153   153.0006       29,622      181        2,768          296       0.05  25-09-2026 21:31:15
00154   154.0015       29,803      181        2,768          296       0.05  25-09-2026 21:31:15
00155   155.0005       29,984      181        2,768          296       0.05  25-09-2026 21:31:15
00156   156.0042       30,166      182        2,768          296       0.05  25-09-2026 21:31:15
00157   157.0017       30,347      181        2,768          300       0.05  25-09-2026 21:31:15
00158   158.0045       30,531      184        2,768          300       0.05  25-09-2026 21:31:16
00159   159.0009       30,713      182        2,768          300       0.04  25-09-2026 21:31:16
00160   160.0019       30,897      184        2,768          296       0.04  25-09-2026 21:31:16
00161   161.0045       31,081      184        2,768          296       0.04  25-09-2026 21:31:16
00162   162.0040       31,265      184        2,768          296       0.05  25-09-2026 21:31:16
00163   163.0020       31,449      184        2,768          296       0.04  25-09-2026 21:31:16
00164   164.0024       31,632      183        2,768          296       0.05  25-09-2026 21:31:16
00165   165.0025       31,816      184        2,768          292       0.05  25-09-2026 21:31:16
00166   166.0009       31,999      183        2,768          292       0.06  25-09-2026 21:31:16
00167   167.0046       32,182      183        2,768          292       0.04  25-09-2026 21:31:16
00168   168.0013       32,364      182        2,768          292       0.04  25-09-2026 21:31:16
00169   169.0045       32,547      183        2,768          292       0.05  25-09-2026 21:31:16
00170   170.0033       32,728      181        2,768          288       0.05  25-09-2026 21:31:16
00171   171.0019       32,909      181        2,768          288       0.04  25-09-2026 21:31:15
00172   172.0022       33,090      181        2,768          288       0.05  25-09-2026 21:31:15
00173   173.0031       33,271      181        2,768          288       0.04  25-09-2026 21:31:15
00174   174.0014       33,452      181        2,768          288       0.05  25-09-2026 21:31:15
00175   175.0002       33,633      181        2,768          288       0.04  25-09-2026 21:31:15
00176   176.0035       33,815      182        2,768          288       0.04  25-09-2026 21:31:15
00177   177.0012       33,996      181        2,768          288       0.04  25-09-2026 21:31:16
00178   178.0044       34,178      182        2,768          292       0.04  25-09-2026 21:31:16
00179   179.0023       34,359      181        2,768          292       0.05  25-09-2026 21:31:16
00180   180.0049       34,541      182        2,768          292       0.05  25-09-2026 21:31:16
00181   181.0001       34,721      180        2,768          292       0.04  25-09-2026 21:31:16
00182   182.0050       34,903      182        2,768          292       0.04  25-09-2026 21:31:16
00183   183.0006       35,083      180        2,768          292       0.04  25-09-2026 21:31:16
00184   184.0050       35,265      182        2,768          296       0.04  25-09-2026 21:31:16
00185   185.0015       35,445      180        2,768          296       0.05  25-09-2026 21:31:16
00186   186.0027       35,626      181        2,768          296       0.05  25-09-2026 21:31:16
00187   187.0033       35,807      181        2,768          296       0.05  25-09-2026 21:31:16
00188   188.0049       35,988      181        2,768          296       0.04  25-09-2026 21:31:16
00189   189.0003       36,168      180        2,768          300       0.04  25-09-2026 21:31:15
00190   190.0019       36,349      181        2,768          300       0.04  25-09-2026 21:31:15
00191   191.0038       36,531      182        2,768          300       0.05  25-09-2026 21:31:15
00192   192.0038       36,713      182        2,768          296       0.04  25-09-2026 21:31:15
00193   193.0024       36,895      182        2,768          296       0.05  25-09-2026 21:31:15
00194   194.0013       37,077      182        2,768          296       0.04  25-09-2026 21:31:15
00195   195.0054       37,260      183        2,768          296       0.04  25-09-2026 21:31:15
00196   196.0048       37,441      181        2,768          296       0.04  25-09-2026 21:31:16
00197   197.0035       37,622      181        2,768          296       0.05  25-09-2026 21:31:16
00198   198.0039       37,803      181        2,768          296       0.04  25-09-2026 21:31:16
00199   199.0055       37,984      181        2,768          292       0.05  25-09-2026 21:31:16
00200   200.0007       38,164      180        2,768          292       0.05  25-09-2026 21:31:16
00201   201.0024       38,345      181        2,768          292       0.05  25-09-2026 21:31:16
00202   202.0045       38,526      181        2,768          292       0.05  25-09-2026 21:31:16
00203   203.0019       38,706      180        2,768          292       0.05  25-09-2026 21:31:16
00204   204.0053       38,887      181        2,768          292       0.04  25-09-2026 21:31:16
00205   205.0032       39,067      180        2,768          288       0.04  25-09-2026 21:31:16
00206   206.0010       39,247      180        2,768          288       0.04  25-09-2026 21:31:16
00207   207.0038       39,428      181        2,768          288       0.04  25-09-2026 21:31:15
00208   208.0020       39,608      180        2,768          288       0.05  25-09-2026 21:31:15
00209   209.0049       39,789      181        2,768          288       0.04  25-09-2026 21:31:15
00210   210.0006       39,969      180        2,768          288       0.04  25-09-2026 21:31:15
00211   211.0045       40,151      182        2,768          288       0.04  25-09-2026 21:31:15
00212   212.0052       40,332      181        2,768          288       0.04  25-09-2026 21:31:15
00213   213.0042       40,513      181        2,768          288       0.04  25-09-2026 21:31:15
00214   214.0054       40,694      181        2,768          288       0.04  25-09-2026 21:31:15
00215   215.0004       40,874      180        2,768          292       0.04  25-09-2026 21:31:15
00216   216.0013       41,055      181        2,768          292       0.05  25-09-2026 21:31:16
00217   217.0028       41,236      181        2,768          292       0.04  25-09-2026 21:31:16
00218   218.0036       41,417      181        2,768          292       0.04  25-09-2026 21:31:16
00219   219.0002       41,597      180        2,768          292       0.05  25-09-2026 21:31:16
00220   220.0007       41,778      181        2,768          292       0.05  25-09-2026 21:31:16
00221   221.0026       41,959      181        2,768          296       0.04  25-09-2026 21:31:16
00222   222.0042       42,140      181        2,768          296       0.04  25-09-2026 21:31:16
00223   223.0008       42,320      180        2,768          296       0.04  25-09-2026 21:31:16
00224   224.0030       42,501      181        2,768          296       0.04  25-09-2026 21:31:16
00225   225.0003       42,681      180        2,768          296       0.05  25-09-2026 21:31:15
00226   226.0033       42,862      181        2,768          296       0.05  25-09-2026 21:31:15
00227   227.0004       43,042      180        2,768          296       0.04  25-09-2026 21:31:15
00228   228.0041       43,223      181        2,768          300       0.05  25-09-2026 21:31:15
00229   229.0015       43,403      180        2,768          300       0.05  25-09-2026 21:31:15
00230   230.0048       43,584      181        2,768          300       0.05  25-09-2026 21:31:15
00231   231.0005       43,764      180        2,768          296       0.05  25-09-2026 21:31:15
00232   232.0031       43,945      181        2,768          296       0.04  25-09-2026 21:31:15
00233   233.0002       44,125      180        2,768          296       0.05  25-09-2026 21:31:15
00234   234.0035       44,306      181        2,768          296       0.04  25-09-2026 21:31:15
00235   235.0011       44,486      180        2,768          296       0.04  25-09-2026 21:31:16
00236   236.0040       44,667      181        2,768          296       0.04  25-09-2026 21:31:16
00237   237.0022       44,847      180        2,768          296       0.04  25-09-2026 21:31:16
00238   238.0007       45,027      180        2,768          296       0.05  25-09-2026 21:31:16
00239   239.0047       45,208      181        2,768          292       0.04  25-09-2026 21:31:16
00240   240.0033       45,388      180        2,768          292       0.04  25-09-2026 21:31:16
00241   241.0017       45,568      180        2,768          292       0.04  25-09-2026 21:31:16
00242   242.0005       45,748      180        2,768          292       0.05  25-09-2026 21:31:16
00243   243.0047       45,929      181        2,768          292       0.05  25-09-2026 21:31:16
00244   244.0033       46,109      180        2,768          292       0.04  25-09-2026 21:31:15
00245   245.0023       46,289      180        2,768          292       0.06  25-09-2026 21:31:15
00246   246.0012       46,469      180        2,768          288       0.05  25-09-2026 21:31:15
00247   247.0000       46,649      180        2,768          288       0.05  25-09-2026 21:31:15
00248   248.0044       46,830      181        2,768          288       0.05  25-09-2026 21:31:15
00249   249.0032       47,010      180        2,768          288       0.05  25-09-2026 21:31:15
00250   250.0026       47,190      180        2,768          288       0.05  25-09-2026 21:31:15
00251   251.0015       47,370      180        2,768          288       0.04  25-09-2026 21:31:15
00252   252.0049       47,551      181        2,768          288       0.05  25-09-2026 21:31:15
00253   253.0024       47,731      180        2,768          288       0.04  25-09-2026 21:31:15
00254   254.0054       47,912      181        2,768          288       0.05  25-09-2026 21:31:16
00255   255.0038       48,092      180        2,768          288       0.05  25-09-2026 21:31:16
00256   256.0012       48,272      180        2,768          292       0.05  25-09-2026 21:31:16
00257   257.0053       48,453      181        2,768          292       0.04  25-09-2026 21:31:16
00258   258.0029       48,633      180        2,768          292       0.04  25-09-2026 21:31:16
00259   259.0013       48,813      180        2,768          292       0.05  25-09-2026 21:31:16
00260   260.0052       48,994      181        2,768          292       0.04  25-09-2026 21:31:16
00261   261.0038       49,174      180        2,768          292       0.05  25-09-2026 21:31:16
00262   262.0026       49,354      180        2,768          292       0.05  25-09-2026 21:31:16
00263   263.0012       49,534      180        2,768          292       0.04  25-09-2026 21:31:15
00264   264.0004       49,714      180        2,768          296       0.05  25-09-2026 21:31:15
00265   265.0044       49,895      181        2,768          296       0.05  25-09-2026 21:31:15
00266   266.0034       50,075      180        2,768          296       0.05  25-09-2026 21:31:15
00267   267.0019       50,255      180        2,768          296       0.04  25-09-2026 21:31:15
00268   268.0009       50,435      180        2,768          296       0.04  25-09-2026 21:31:15
00269   269.0049       50,616      181        2,768          296       0.05  25-09-2026 21:31:15
00270   270.0039       50,796      180        2,768          296       0.04  25-09-2026 21:31:15
00271   271.0028       50,976      180        2,768          300       0.05  25-09-2026 21:31:15
00272   272.0021       51,156      180        2,768          300       0.04  25-09-2026 21:31:15
00273   273.0013       51,336      180        2,768          300       0.05  25-09-2026 21:31:16
00274   274.0002       51,516      180        2,768          300       0.04  25-09-2026 21:31:16
00275   275.0036       51,697      181        2,768          296       0.05  25-09-2026 21:31:16
00276   276.0018       51,877      180        2,768          296       0.04  25-09-2026 21:31:16
00277   277.0003       52,057      180        2,768          296       0.04  25-09-2026 21:31:16
00278   278.0045       52,238      181        2,768          296       0.04  25-09-2026 21:31:16
00279   279.0031       52,418      180        2,768          296       0.05  25-09-2026 21:31:16
00280   280.0022       52,598      180        2,768          296       0.04  25-09-2026 21:31:16
00281   281.0014       52,778      180        2,768          296       0.05  25-09-2026 21:31:16
00282   282.0007       52,958      180        2,768          296       0.05  25-09-2026 21:31:15
00283   283.0053       53,139      181        2,768          292       0.05  25-09-2026 21:31:15
00284   284.0045       53,319      180        2,768          292       0.04  25-09-2026 21:31:15
00285   285.0036       53,499      180        2,768          292       0.04  25-09-2026 21:31:15
00286   286.0028       53,679      180        2,768          292       0.04  25-09-2026 21:31:15
00287   287.0021       53,859      180        2,768          292       0.04  25-09-2026 21:31:15
00288   288.0013       54,039      180        2,768          292       0.04  25-09-2026 21:31:15
00289   289.0006       54,219      180        2,768          292       0.05  25-09-2026 21:31:16
00290   290.0055       54,400      181        2,768          292       0.05  25-09-2026 21:31:16
00291   291.0048       54,580      180        2,768          288       0.05  25-09-2026 21:31:16
00292   292.0041       54,760      180        2,768          288       0.05  25-09-2026 21:31:16
00293   293.0034       54,940      180        2,768          288       0.05  25-09-2026 21:31:16
00294   294.0029       55,120      180        2,768          288       0.05  25-09-2026 21:31:16
00295   295.0024       55,300      180        2,768          288       0.05  25-09-2026 21:31:16
00296   296.0022       55,480      180        2,768          288       0.05  25-09-2026 21:31:16
00297   297.0024       55,660      180        2,768          288       0.05  25-09-2026 21:31:16
00298   298.0007       55,840      180        2,768          288       0.05  25-09-2026 21:31:16
00299   299.0049       56,021      181        2,768          288       0.05  25-09-2026 21:31:16
00300   300.0033       56,201      180        2,768          288       0.05  25-09-2026 21:31:16

[Simulation finished  25-09-2026 21:31:16]
Particles of simulation (initial): 2,768
DTs adjusted to DtMin............: 0
Excluded particles...............: 0
Total Runtime....................: 16.154278 sec.
Simulation Runtime...............: 16.131899 sec.
Runtime per physical second......: 0.053772 sec.
Steps per second.................: 3483.842773
Steps of simulation..............: 56,201
PART files.......................: 301
Maximum number of particles......: 2,768
Maximum number of cells..........: 300
CPU Memory.......................: 496,932 (0.47 MiB)
 
[CPU Timers]
VA-Init..........................: 0.022361 sec.
NL-Limits........................: 0.107686 sec.
NL-MakeSort......................: 0.320595 sec.
NL-SortData......................: 0.198443 sec.
NL-OutCheck......................: 0 sec.
CF-PreForces.....................: 2.748752 sec.
CF-PreMDBC.......................: 0 sec.
CF-Forces........................: 8.546118 sec.
SU-Shifting......................: 0 sec.
SU-ComputeStep...................: 1.383296 sec.
SU-Floating......................: 0 sec.
SU-Motion........................: 0 sec.
SU-Periodic......................: 0 sec.
SU-ResizeNp......................: 0 sec.
SU-SavePart......................: 2.701221 sec.
SU-Chrono........................: 0 sec.
SU-Moorings......................: 0 sec.
SU-InOut.........................: 0 sec.
SU-Gauges........................: 0.076208 sec.
SU-FlexStruc.....................: 0 sec.
 
[Output files]
- CfgGauge_InitPoints.vtk..............: Saves points used for gauge calculations (by JGaugeSystem).
- CfgInit_Domain.vtk...................: Saves the limits of the case and the simulation domain limits.
- CfgInit_MapCells.vtk.................: Saves the cell division of the simulation domain.
- GaugesSWL_G_1000m.csv................: Saves SWL data measured from fluid particles (by JGaugeSwl).
- GaugesSWL_G_100m.csv.................: Saves SWL data measured from fluid particles (by JGaugeSwl).
- GaugesSWL_G_1500m.csv................: Saves SWL data measured from fluid particles (by JGaugeSwl).
- GaugesSWL_G_250m.csv.................: Saves SWL data measured from fluid particles (by JGaugeSwl).
- GaugesSWL_G_500m.csv.................: Saves SWL data measured from fluid particles (by JGaugeSwl).
- Run.csv..............................: One line CSV file with execution parameters and other simulation data.
- Run.out..............................: Log file of the simulation.
- RunPARTs.csv.........................: Saves extra information of simulated PARTs.
- data/PartInfo.ibi4...................: Binary file with execution information for each instant (input for PartInfo program).
- data/PartOut_???.obi4................: Binary file with particles excluded during simulation (input for PartVtkOut program).
- data/Part_????.bi4...................: Binary file with particle data in different instants.
- data/Part_Head.ibi4..................: Binary file with basic information of simulation data.
- gaugesvtks/GaugesSWL_G_1000m_????.vtk: Saves SWL data measured from fluid particles (by JGaugeSwl).
- gaugesvtks/GaugesSWL_G_100m_????.vtk.: Saves SWL data measured from fluid particles (by JGaugeSwl).
- gaugesvtks/GaugesSWL_G_1500m_????.vtk: Saves SWL data measured from fluid particles (by JGaugeSwl).
- gaugesvtks/GaugesSWL_G_250m_????.vtk.: Saves SWL data measured from fluid particles (by JGaugeSwl).
- gaugesvtks/GaugesSWL_G_500m_????.vtk.: Saves SWL data measured from fluid particles (by JGaugeSwl).
 
[WARNINGS]
1. The XML option 'PartsOutMax' is deprecated. Use 'MinFluidStop' option.
 
[References]
- Official solver reference DualSPHysics v5.0: J.M. Dominguez, G. Fourtakas,
    C. Altomare, R.B. Canelas, A. Tafuni, O. Garcia-Feal, I. Martinez-Estevez,
    A. Mokos, R. Vacondio, A.J.C. Crespo, B.D. Rogers, P.K. Stansby, M. Gomez-Gesteira.
    2022. DualSPHysics: from fluid dynamics to multiphysics problems.
    Computational Particle Mechanics, 9:867-895. doi: https://doi.org/10.1007/s40571-021-00404-2

- Optimised CPU multi-core and GPU implementation (Dominguez et al., 2013  https://doi.org/10.1016/j.cpc.2012.10.015)
- Dynamic boundary conditions (Crespo et al., 2007  https://doi.org/10.3970/cmc.2007.005.173)
- Density diffusion Term: Fourtakas (Fourtakas et al., 2019  https://doi.org/10.1016/j.compfluid.2019.06.009)
- Viscosity: Artificial (Monaghan, 1992  https://doi.org/10.1146/annurev.aa.30.090192.002551)
- Kernel: Quintic Wendland (Wendland, 1995  https://doi.org/10.1007/BF02123482)
- Time integration scheme: Verlet (Verlet, 1967  https://doi.org/10.1103/PhysRev.159.98)

Finished execution (code=0).

